// Jest Snapshot v1, https://goo.gl/fbAQLP

exports[`Success Conditions snapshot should match 1`] = `undefined`;
